{
  "even": [
    2,
    4
  ],
  "odd": [
    1,
    3,
    5
  ]
}